   ▲ Next.js 15.5.4
   - Local:        http://localhost:3000
   - Network:      http://192.168.29.173:3000
   - Environments: .env.local

 ✓ Starting...
 ✓ Ready in 1909ms
 ○ Compiling / ...
 ✓ Compiled / in 1805ms (657 modules)
 GET / 200 in 2488ms
 ✓ Compiled in 832ms (286 modules)
 ✓ Compiled in 96ms (286 modules)
 ✓ Compiled in 91ms (286 modules)
 ✓ Compiled in 101ms (286 modules)
 ✓ Compiled in 73ms (286 modules)
 ✓ Compiled in 86ms (286 modules)
 ✓ Compiled in 78ms (286 modules)
 ✓ Compiled in 83ms (286 modules)
 ✓ Compiled in 69ms (286 modules)
 ✓ Compiled in 88ms (286 modules)
 ✓ Compiled in 80ms (286 modules)
 ✓ Compiled in 157ms (286 modules)
 ✓ Compiled in 114ms (286 modules)
 GET / 200 in 121ms
 ✓ Compiled in 132ms (286 modules)
 GET / 200 in 127ms
 ✓ Compiled in 101ms (286 modules)
 GET / 200 in 99ms
 ✓ Compiled in 117ms (286 modules)
 GET / 200 in 111ms
 ✓ Compiled in 98ms (286 modules)
 GET / 200 in 95ms
 ✓ Compiled in 119ms (286 modules)
 GET / 200 in 116ms
 ✓ Compiled in 106ms (286 modules)
 GET / 200 in 104ms
 ✓ Compiled in 139ms (286 modules)
 GET / 200 in 184ms
 ✓ Compiled in 103ms (286 modules)
 GET / 200 in 97ms
 ✓ Compiled in 86ms (286 modules)
 GET / 200 in 83ms
 ✓ Compiled in 108ms (286 modules)
 GET / 200 in 105ms
 ✓ Compiled in 86ms (286 modules)
 GET / 200 in 84ms
 ✓ Compiled in 96ms (286 modules)
 GET / 200 in 95ms
 ✓ Compiled in 95ms (286 modules)
 GET / 200 in 91ms
 ✓ Compiled in 85ms (286 modules)
 GET / 200 in 85ms
 ✓ Compiled in 92ms (286 modules)
 GET / 200 in 97ms
 ✓ Compiled in 109ms (286 modules)
 GET / 200 in 110ms
 ✓ Compiled in 117ms (286 modules)
 ✓ Compiled in 61ms (286 modules)
 ✓ Compiled in 89ms (286 modules)
 GET / 200 in 253ms
 GET / 200 in 77ms
 ✓ Compiled in 128ms (286 modules)
 GET / 200 in 89ms
 ✓ Compiled in 97ms (286 modules)
 GET / 200 in 69ms
 ✓ Compiled in 82ms (286 modules)
 GET / 200 in 94ms
 ✓ Compiled in 104ms (286 modules)
 GET / 200 in 101ms
 ✓ Compiled in 85ms (286 modules)
 GET / 200 in 101ms
 ✓ Compiled in 101ms (286 modules)
 GET / 200 in 99ms
 ✓ Compiled in 87ms (286 modules)
 GET / 200 in 97ms
 ✓ Compiled in 98ms (286 modules)
 GET / 200 in 94ms
 ✓ Compiled in 88ms (286 modules)
 GET / 200 in 98ms
 ✓ Compiled in 96ms (286 modules)
 GET / 200 in 100ms
 ✓ Compiled in 103ms (286 modules)
 GET / 200 in 100ms
 ✓ Compiled in 85ms (286 modules)
 GET / 200 in 92ms
 ✓ Compiled in 100ms (286 modules)
 GET / 200 in 98ms
 ✓ Compiled in 84ms (286 modules)
 GET / 200 in 86ms
 ✓ Compiled in 168ms (286 modules)
 GET / 200 in 175ms
 ✓ Compiled in 84ms (286 modules)
 GET / 200 in 94ms
 ✓ Compiled in 106ms (286 modules)
 GET / 200 in 105ms
 ✓ Compiled in 86ms (286 modules)
 GET / 200 in 90ms
 ✓ Compiled in 95ms (286 modules)
 GET / 200 in 108ms
 ✓ Compiled in 92ms (286 modules)
 GET / 200 in 106ms
 ✓ Compiled in 98ms (286 modules)
 GET / 200 in 94ms
 ✓ Compiled in 77ms (286 modules)
 GET / 200 in 85ms
 ✓ Compiled in 90ms (286 modules)
 GET / 200 in 104ms
 ✓ Compiled in 90ms (286 modules)
 GET / 200 in 91ms
 ✓ Compiled in 99ms (286 modules)
 GET / 200 in 101ms
 ✓ Compiled in 84ms (286 modules)
 GET / 200 in 84ms
 ✓ Compiled in 94ms (286 modules)
 GET / 200 in 101ms
 ✓ Compiled in 81ms (286 modules)
 GET / 200 in 89ms
 ✓ Compiled in 102ms (286 modules)
 GET / 200 in 104ms
 ✓ Compiled in 82ms (286 modules)
 GET / 200 in 83ms
 ✓ Compiled in 92ms (286 modules)
 GET / 200 in 105ms
 ✓ Compiled in 89ms (286 modules)
 GET / 200 in 89ms
 ✓ Compiled in 97ms (286 modules)
 GET / 200 in 96ms
 ✓ Compiled in 80ms (286 modules)
 GET / 200 in 87ms
 ✓ Compiled in 93ms (286 modules)
 GET / 200 in 97ms
 ✓ Compiled in 82ms (286 modules)
 GET / 200 in 90ms
 ✓ Compiled in 96ms (286 modules)
 GET / 200 in 118ms
 ✓ Compiled in 89ms (286 modules)
 GET / 200 in 70ms
 ✓ Compiled in 97ms (286 modules)
 GET / 200 in 105ms
 ✓ Compiled in 92ms (286 modules)
 GET / 200 in 98ms
 ✓ Compiled in 103ms (286 modules)
 GET / 200 in 100ms
 ✓ Compiled in 76ms (286 modules)
 GET / 200 in 86ms
 ✓ Compiled in 92ms (286 modules)
 GET / 200 in 181ms
 ✓ Compiled in 90ms (286 modules)
 GET / 200 in 90ms
 ✓ Compiled in 90ms (286 modules)
 GET / 200 in 92ms
 ✓ Compiled in 79ms (286 modules)
 GET / 200 in 82ms
 ✓ Compiled in 99ms (286 modules)
 GET / 200 in 108ms
 ✓ Compiled in 84ms (286 modules)
 GET / 200 in 89ms
 ✓ Compiled in 98ms (286 modules)
 GET / 200 in 108ms
 ✓ Compiled in 89ms (286 modules)
 GET / 200 in 86ms
 ✓ Compiled in 94ms (286 modules)
 GET / 200 in 101ms
 ✓ Compiled in 81ms (286 modules)
 GET / 200 in 164ms
 ✓ Compiled in 213ms (286 modules)
 GET / 200 in 147ms
 ✓ Compiled in 92ms (286 modules)
 GET / 200 in 88ms
 ✓ Compiled in 96ms (286 modules)
 GET / 200 in 97ms
 ✓ Compiled in 81ms (286 modules)
 GET / 200 in 84ms
 ✓ Compiled in 96ms (286 modules)
 GET / 200 in 107ms
 ✓ Compiled in 91ms (286 modules)
 GET / 200 in 104ms
 ✓ Compiled in 98ms (286 modules)
 GET / 200 in 88ms
 ✓ Compiled in 82ms (286 modules)
 GET / 200 in 96ms
 ✓ Compiled in 91ms (286 modules)
 GET / 200 in 92ms
 ✓ Compiled in 86ms (286 modules)
 GET / 200 in 100ms
 ✓ Compiled in 98ms (286 modules)
 GET / 200 in 89ms
 ✓ Compiled in 85ms (286 modules)
 GET / 200 in 102ms
 ✓ Compiled in 96ms (286 modules)
 GET / 200 in 81ms
 ✓ Compiled in 80ms (286 modules)
 GET / 200 in 98ms
 ✓ Compiled in 94ms (286 modules)
 GET / 200 in 85ms
 ✓ Compiled in 83ms (286 modules)
 GET / 200 in 104ms
 ✓ Compiled in 96ms (286 modules)
 GET / 200 in 92ms
 ✓ Compiled in 89ms (286 modules)
 GET / 200 in 104ms
 ✓ Compiled in 96ms (286 modules)
 GET / 200 in 81ms
 ✓ Compiled in 78ms (286 modules)
 GET / 200 in 94ms
 ✓ Compiled in 89ms (286 modules)
 GET / 200 in 81ms
 ✓ Compiled in 77ms (286 modules)
 GET / 200 in 92ms
 ✓ Compiled in 89ms (286 modules)
 GET / 200 in 81ms
 ✓ Compiled in 75ms (286 modules)
 GET / 200 in 87ms
 ✓ Compiled in 90ms (286 modules)
 GET / 200 in 95ms
 ✓ Compiled in 93ms (286 modules)
 GET / 200 in 119ms
 ✓ Compiled in 111ms (286 modules)
 GET / 200 in 88ms
 ✓ Compiled in 83ms (286 modules)
 GET / 200 in 100ms
 ✓ Compiled in 94ms (286 modules)
 GET / 200 in 85ms
 ✓ Compiled in 81ms (286 modules)
 GET / 200 in 102ms
 ✓ Compiled in 96ms (286 modules)
 GET / 200 in 83ms
 ✓ Compiled in 83ms (286 modules)
 GET / 200 in 93ms
 ✓ Compiled in 88ms (286 modules)
 GET / 200 in 92ms
 ✓ Compiled in 116ms (286 modules)
 GET / 200 in 127ms
 ✓ Compiled in 93ms (286 modules)
 GET / 200 in 86ms
 ✓ Compiled in 83ms (286 modules)
 GET / 200 in 93ms
 ✓ Compiled in 89ms (286 modules)
 GET / 200 in 87ms
 ✓ Compiled in 82ms (286 modules)
 GET / 200 in 93ms
 ✓ Compiled in 88ms (286 modules)
 GET / 200 in 85ms
 ✓ Compiled in 83ms (286 modules)
 GET / 200 in 97ms
 ✓ Compiled in 94ms (286 modules)
 GET / 200 in 97ms
 ✓ Compiled in 93ms (286 modules)
 GET / 200 in 100ms
 ✓ Compiled in 98ms (286 modules)
 GET / 200 in 89ms
 ✓ Compiled in 81ms (286 modules)
 GET / 200 in 93ms
 ✓ Compiled in 86ms (286 modules)
 GET / 200 in 82ms
 ✓ Compiled in 80ms (286 modules)
 GET / 200 in 112ms
 ✓ Compiled in 95ms (286 modules)
 GET / 200 in 86ms
 ✓ Compiled in 79ms (286 modules)
 GET / 200 in 105ms
 ✓ Compiled in 103ms (286 modules)
 GET / 200 in 89ms
 ✓ Compiled in 86ms (286 modules)
 GET / 200 in 104ms
 ✓ Compiled in 100ms (286 modules)
 GET / 200 in 90ms
 ✓ Compiled in 83ms (286 modules)
 GET / 200 in 95ms
 ✓ Compiled in 93ms (286 modules)
 GET / 200 in 116ms
 ✓ Compiled in 120ms (286 modules)
 GET / 200 in 113ms
 ✓ Compiled in 94ms (286 modules)
 GET / 200 in 81ms
 ✓ Compiled in 78ms (286 modules)
 GET / 200 in 96ms
 ✓ Compiled in 92ms (286 modules)
 GET / 200 in 85ms
 ✓ Compiled in 78ms (286 modules)
 GET / 200 in 98ms
 ✓ Compiled in 92ms (286 modules)
 GET / 200 in 80ms
 ✓ Compiled in 76ms (286 modules)
 GET / 200 in 99ms
 ✓ Compiled in 101ms (286 modules)
 GET / 200 in 89ms
 ✓ Compiled in 78ms (286 modules)
 GET / 200 in 94ms
 ✓ Compiled in 111ms (286 modules)
 GET / 200 in 105ms
 ✓ Compiled in 81ms (286 modules)
 GET / 200 in 92ms
 ✓ Compiled in 89ms (286 modules)
 GET / 200 in 89ms
 ✓ Compiled in 85ms (286 modules)
 GET / 200 in 97ms
 ✓ Compiled in 91ms (286 modules)
 GET / 200 in 90ms
 ✓ Compiled in 92ms (286 modules)
 GET / 200 in 102ms
 ✓ Compiled in 96ms (286 modules)
 GET / 200 in 92ms
 ✓ Compiled in 85ms (286 modules)
 GET / 200 in 95ms
 ✓ Compiled in 84ms (286 modules)
 GET / 200 in 83ms
 ✓ Compiled in 80ms (286 modules)
 GET / 200 in 92ms
 ✓ Compiled in 87ms (286 modules)
 GET / 200 in 94ms
 ✓ Compiled in 80ms (286 modules)
 GET / 200 in 107ms
 ✓ Compiled in 100ms (286 modules)
 GET / 200 in 83ms
 ✓ Compiled in 80ms (286 modules)
 GET / 200 in 94ms
 ✓ Compiled in 91ms (286 modules)
 GET / 200 in 84ms
 ✓ Compiled in 178ms (286 modules)
 GET / 200 in 193ms
 ✓ Compiled in 90ms (286 modules)
 GET / 200 in 87ms
 ✓ Compiled in 84ms (286 modules)
 GET / 200 in 94ms
 ✓ Compiled in 90ms (286 modules)
 GET / 200 in 82ms
 ✓ Compiled in 85ms (286 modules)
 GET / 200 in 122ms
 ✓ Compiled in 114ms (286 modules)
 GET / 200 in 98ms
 ✓ Compiled in 147ms (286 modules)
 GET / 200 in 163ms
 ✓ Compiled in 100ms (286 modules)
 GET / 200 in 88ms
 ✓ Compiled in 85ms (286 modules)
 GET / 200 in 101ms
 ✓ Compiled in 95ms (286 modules)
 GET / 200 in 90ms
 ✓ Compiled in 83ms (286 modules)
 GET / 200 in 95ms
 ✓ Compiled in 93ms (286 modules)
 GET / 200 in 87ms
 ✓ Compiled in 80ms (286 modules)
 GET / 200 in 96ms
 ✓ Compiled in 112ms (286 modules)
 GET / 200 in 104ms
 ✓ Compiled in 81ms (286 modules)
 GET / 200 in 100ms
 ✓ Compiled in 94ms (286 modules)
 GET / 200 in 87ms
 ✓ Compiled in 84ms (286 modules)
 GET / 200 in 115ms
 ✓ Compiled in 117ms (286 modules)
 GET / 200 in 94ms
 ✓ Compiled in 80ms (286 modules)
 GET / 200 in 100ms
 ✓ Compiled in 93ms (286 modules)
 GET / 200 in 84ms
 ✓ Compiled in 83ms (286 modules)
 GET / 200 in 98ms
 ✓ Compiled in 94ms (286 modules)
 GET / 200 in 86ms
 ✓ Compiled in 82ms (286 modules)
 GET / 200 in 101ms
 ✓ Compiled in 104ms (286 modules)
 GET / 200 in 104ms
 ✓ Compiled in 94ms (286 modules)
 GET / 200 in 103ms
 ✓ Compiled in 103ms (286 modules)
 GET / 200 in 200ms
 ✓ Compiled in 266ms (286 modules)
 GET / 200 in 175ms
 ✓ Compiled in 88ms (286 modules)
 GET / 200 in 94ms
 ✓ Compiled in 88ms (286 modules)
 GET / 200 in 84ms
 ✓ Compiled in 94ms (286 modules)
 GET / 200 in 99ms
 ✓ Compiled in 81ms (286 modules)
 GET / 200 in 86ms
 ✓ Compiled in 95ms (286 modules)
 GET / 200 in 95ms
 ✓ Compiled in 81ms (286 modules)
 GET / 200 in 91ms
 ✓ Compiled in 100ms (286 modules)
 GET / 200 in 98ms
 ✓ Compiled in 79ms (286 modules)
 GET / 200 in 80ms
 ✓ Compiled in 92ms (286 modules)
 GET / 200 in 99ms
 ✓ Compiled in 81ms (286 modules)
 GET / 200 in 84ms
 ✓ Compiled in 92ms (286 modules)
 GET / 200 in 96ms
 ✓ Compiled in 82ms (286 modules)
 GET / 200 in 89ms
 ✓ Compiled in 94ms (286 modules)
 GET / 200 in 92ms
 ✓ Compiled in 77ms (286 modules)
 GET / 200 in 100ms
 ✓ Compiled in 89ms (286 modules)
 GET / 200 in 96ms
 ✓ Compiled in 80ms (286 modules)
 GET / 200 in 84ms
 ✓ Compiled in 93ms (286 modules)
 GET / 200 in 97ms
 ✓ Compiled in 82ms (286 modules)
 GET / 200 in 107ms
 ✓ Compiled in 129ms (286 modules)
 GET / 200 in 140ms
 ✓ Compiled in 108ms (286 modules)
 GET / 200 in 84ms
 ✓ Compiled in 90ms (286 modules)
 GET / 200 in 90ms
 ✓ Compiled in 74ms (286 modules)
 GET / 200 in 91ms
 ✓ Compiled in 98ms (286 modules)
 GET / 200 in 89ms
 ✓ Compiled in 78ms (286 modules)
 GET / 200 in 89ms
 ✓ Compiled in 102ms (286 modules)
 GET / 200 in 102ms
 ✓ Compiled in 76ms (286 modules)
 GET / 200 in 85ms
 ✓ Compiled in 95ms (286 modules)
 GET / 200 in 98ms
 ✓ Compiled in 81ms (286 modules)
 GET / 200 in 85ms
 ✓ Compiled in 96ms (286 modules)
 GET / 200 in 108ms
 ✓ Compiled in 94ms (286 modules)
 GET / 200 in 112ms
 ✓ Compiled in 113ms (286 modules)
 GET / 200 in 93ms
 ✓ Compiled in 75ms (286 modules)
 GET / 200 in 85ms
 ✓ Compiled in 89ms (286 modules)
 GET / 200 in 94ms
 ✓ Compiled in 81ms (286 modules)
 GET / 200 in 88ms
 ✓ Compiled in 94ms (286 modules)
 GET / 200 in 94ms
 ✓ Compiled in 82ms (286 modules)
 GET / 200 in 84ms
 ✓ Compiled in 89ms (286 modules)
 GET / 200 in 98ms
 ✓ Compiled in 83ms (286 modules)
 GET / 200 in 80ms
 ✓ Compiled in 145ms (286 modules)
 GET / 200 in 155ms
 ✓ Compiled in 82ms (286 modules)
 GET / 200 in 82ms
 ✓ Compiled in 90ms (286 modules)
 GET / 200 in 94ms
 ✓ Compiled in 80ms (286 modules)
 GET / 200 in 82ms
 ✓ Compiled in 91ms (286 modules)
 GET / 200 in 102ms
 ✓ Compiled in 83ms (286 modules)
 GET / 200 in 85ms
 ✓ Compiled in 88ms (286 modules)
 GET / 200 in 102ms
 ✓ Compiled in 108ms (286 modules)
 GET / 200 in 111ms
 ✓ Compiled in 97ms (286 modules)
 GET / 200 in 104ms
 ✓ Compiled in 91ms (286 modules)
 GET / 200 in 88ms
 ✓ Compiled in 91ms (286 modules)
 GET / 200 in 95ms
 ✓ Compiled in 82ms (286 modules)
 GET / 200 in 87ms
 ✓ Compiled in 89ms (286 modules)
 GET / 200 in 92ms
 ✓ Compiled in 76ms (286 modules)
 GET / 200 in 78ms
 ✓ Compiled in 128ms (286 modules)
 GET / 200 in 135ms
 ✓ Compiled in 77ms (286 modules)
 GET / 200 in 80ms
 ✓ Compiled in 87ms (286 modules)
 GET / 200 in 103ms
 ✓ Compiled in 77ms (286 modules)
 GET / 200 in 87ms
 ✓ Compiled in 97ms (286 modules)
 GET / 200 in 102ms
 ✓ Compiled in 90ms (286 modules)
 GET / 200 in 96ms
 ✓ Compiled in 95ms (286 modules)
 GET / 200 in 92ms
 ✓ Compiled in 78ms (286 modules)
 GET / 200 in 83ms
 ✓ Compiled in 89ms (286 modules)
 GET / 200 in 94ms
 ✓ Compiled in 82ms (286 modules)
 GET / 200 in 84ms
 ✓ Compiled in 89ms (286 modules)
 GET / 200 in 91ms
 ✓ Compiled in 82ms (286 modules)
 GET / 200 in 89ms
 ✓ Compiled in 89ms (286 modules)
 GET / 200 in 102ms
 ✓ Compiled in 93ms (286 modules)
 GET / 200 in 93ms
 ✓ Compiled in 102ms (286 modules)
 GET / 200 in 99ms
 ✓ Compiled in 82ms (286 modules)
 GET / 200 in 87ms
 ✓ Compiled in 91ms (286 modules)
 GET / 200 in 95ms
 ✓ Compiled in 81ms (286 modules)
 GET / 200 in 83ms
 ✓ Compiled in 87ms (286 modules)
 GET / 200 in 94ms
 ✓ Compiled in 87ms (286 modules)
 GET / 200 in 101ms
 ✓ Compiled in 108ms (286 modules)
 GET / 200 in 105ms
 ✓ Compiled in 88ms (286 modules)
 GET / 200 in 121ms
 ✓ Compiled in 195ms (286 modules)
 GET / 200 in 191ms
 ✓ Compiled in 107ms (286 modules)
 GET / 200 in 93ms
 ✓ Compiled in 124ms (286 modules)
 GET / 200 in 160ms
 ✓ Compiled in 126ms (286 modules)
 GET / 200 in 107ms
 ✓ Compiled in 106ms (286 modules)
 GET / 200 in 113ms
 ✓ Compiled in 89ms (286 modules)
 GET / 200 in 94ms
 ✓ Compiled in 98ms (286 modules)
 GET / 200 in 92ms
 ✓ Compiled in 78ms (286 modules)
 GET / 200 in 83ms
 ✓ Compiled in 90ms (286 modules)
 GET / 200 in 91ms
 ✓ Compiled in 81ms (286 modules)
 GET / 200 in 105ms
 ✓ Compiled in 142ms (286 modules)
 GET / 200 in 137ms
 ✓ Compiled in 86ms (286 modules)
 GET / 200 in 85ms
 ✓ Compiled in 97ms (286 modules)
 GET / 200 in 106ms
 ✓ Compiled in 85ms (286 modules)
 GET / 200 in 97ms
 ✓ Compiled in 106ms (286 modules)
 GET / 200 in 112ms
 ✓ Compiled in 93ms (286 modules)
 GET / 200 in 86ms
 ✓ Compiled in 94ms (286 modules)
 GET / 200 in 107ms
 ✓ Compiled in 87ms (286 modules)
 GET / 200 in 86ms
 ✓ Compiled in 95ms (286 modules)
 GET / 200 in 95ms
 ✓ Compiled in 78ms (286 modules)
 GET / 200 in 87ms
 ✓ Compiled in 92ms (286 modules)
 GET / 200 in 107ms
 ✓ Compiled in 97ms (286 modules)
 GET / 200 in 98ms
 ✓ Compiled in 100ms (286 modules)
 GET / 200 in 99ms
 ✓ Compiled in 83ms (286 modules)
 GET / 200 in 89ms
 ✓ Compiled in 92ms (286 modules)
 GET / 200 in 99ms
 ✓ Compiled in 80ms (286 modules)
 GET / 200 in 84ms
 ✓ Compiled in 90ms (286 modules)
 GET / 200 in 96ms
 ✓ Compiled in 81ms (286 modules)
 GET / 200 in 80ms
 ✓ Compiled in 88ms (286 modules)
 GET / 200 in 98ms
 ✓ Compiled in 83ms (286 modules)
 GET / 200 in 83ms
 ✓ Compiled in 92ms (286 modules)
 GET / 200 in 101ms
 ✓ Compiled in 81ms (286 modules)
 GET / 200 in 95ms
 ✓ Compiled in 97ms (286 modules)
 GET / 200 in 97ms
 ✓ Compiled in 80ms (286 modules)
 GET / 200 in 89ms
 ✓ Compiled in 92ms (286 modules)
 GET / 200 in 92ms
 ✓ Compiled in 77ms (286 modules)
 GET / 200 in 86ms
 ✓ Compiled in 93ms (286 modules)
 GET / 200 in 92ms
 ✓ Compiled in 78ms (286 modules)
 GET / 200 in 91ms
 ✓ Compiled in 98ms (286 modules)
 GET / 200 in 99ms
 ✓ Compiled in 83ms (286 modules)
 GET / 200 in 104ms
 ✓ Compiled in 157ms (286 modules)
 GET / 200 in 151ms
 ✓ Compiled in 81ms (286 modules)
 GET / 200 in 83ms
 ✓ Compiled in 91ms (286 modules)
 GET / 200 in 98ms
 ✓ Compiled in 84ms (286 modules)
 GET / 200 in 87ms
 ✓ Compiled in 96ms (286 modules)
 GET / 200 in 99ms
 ✓ Compiled in 82ms (286 modules)
 GET / 200 in 83ms
 ✓ Compiled in 91ms (286 modules)
 GET / 200 in 100ms
 ✓ Compiled in 84ms (286 modules)
 GET / 200 in 97ms
 ✓ Compiled in 107ms (286 modules)
 GET / 200 in 297ms
 ✓ Compiled in 292ms (286 modules)
 GET / 200 in 120ms
 ✓ Compiled in 104ms (286 modules)
 GET / 200 in 93ms
 ✓ Compiled in 96ms (286 modules)
 GET / 200 in 99ms
 ✓ Compiled in 100ms (286 modules)
 GET / 200 in 136ms
 ✓ Compiled in 147ms (286 modules)
 GET / 200 in 164ms
 ✓ Compiled in 114ms (286 modules)
 GET / 200 in 124ms
 ✓ Compiled in 117ms (286 modules)
 GET / 200 in 128ms
 ✓ Compiled in 147ms (286 modules)
 GET / 200 in 174ms
 ✓ Compiled in 94ms (286 modules)
 GET / 200 in 104ms
 ✓ Compiled in 82ms (286 modules)
 GET / 200 in 90ms
 ✓ Compiled in 90ms (286 modules)
 GET / 200 in 94ms
 ✓ Compiled in 80ms (286 modules)
 GET / 200 in 84ms
 ✓ Compiled in 94ms (286 modules)
 GET / 200 in 95ms
 ✓ Compiled in 75ms (286 modules)
 GET / 200 in 99ms
 ✓ Compiled in 112ms (286 modules)
 GET / 200 in 105ms
 ✓ Compiled in 84ms (286 modules)
 GET / 200 in 81ms
 ✓ Compiled in 88ms (286 modules)
 GET / 200 in 98ms
 ✓ Compiled in 88ms (286 modules)
 GET / 200 in 94ms
 ✓ Compiled in 91ms (286 modules)
 GET / 200 in 98ms
 ✓ Compiled in 83ms (286 modules)
 GET / 200 in 82ms
 ✓ Compiled in 90ms (286 modules)
 GET / 200 in 91ms
 ✓ Compiled in 76ms (286 modules)
 GET / 200 in 85ms
 ✓ Compiled in 99ms (286 modules)
 GET / 200 in 103ms
 ✓ Compiled in 82ms (286 modules)
 GET / 200 in 85ms
 ✓ Compiled in 96ms (286 modules)
 GET / 200 in 97ms
 ✓ Compiled in 79ms (286 modules)
 GET / 200 in 89ms
 ✓ Compiled in 99ms (286 modules)
 GET / 200 in 101ms
 ✓ Compiled in 79ms (286 modules)
 GET / 200 in 81ms
 ✓ Compiled in 98ms (286 modules)
 GET / 200 in 107ms
 ✓ Compiled in 86ms (286 modules)
 GET / 200 in 87ms
 ✓ Compiled in 95ms (286 modules)
 GET / 200 in 101ms
 ✓ Compiled in 83ms (286 modules)
 GET / 200 in 88ms
 ✓ Compiled in 95ms (286 modules)
 GET / 200 in 102ms
 ✓ Compiled in 88ms (286 modules)
 GET / 200 in 96ms
 ✓ Compiled in 94ms (286 modules)
 GET / 200 in 93ms
 ✓ Compiled in 76ms (286 modules)
 GET / 200 in 79ms
 ✓ Compiled in 92ms (286 modules)
 GET / 200 in 97ms
 ✓ Compiled in 80ms (286 modules)
 GET / 200 in 84ms
 ✓ Compiled in 89ms (286 modules)
 GET / 200 in 93ms
 ✓ Compiled in 80ms (286 modules)
 GET / 200 in 86ms
 ✓ Compiled in 94ms (286 modules)
 GET / 200 in 99ms
 ✓ Compiled in 87ms (286 modules)
 GET / 200 in 148ms
 ✓ Compiled in 96ms (286 modules)
 GET / 200 in 93ms
 ✓ Compiled in 79ms (286 modules)
 GET / 200 in 95ms
 ✓ Compiled in 99ms (286 modules)
 GET / 200 in 96ms
 ✓ Compiled in 80ms (286 modules)
 GET / 200 in 86ms
 ✓ Compiled in 89ms (286 modules)
 GET / 200 in 96ms
 ✓ Compiled in 84ms (286 modules)
 GET / 200 in 88ms
 ✓ Compiled in 95ms (286 modules)
 GET / 200 in 106ms
 ✓ Compiled in 90ms (286 modules)
 GET / 200 in 91ms
 ✓ Compiled in 101ms (286 modules)
 GET / 200 in 179ms
 ✓ Compiled in 151ms (286 modules)
 GET / 200 in 117ms
 ✓ Compiled in 105ms (286 modules)
 GET / 200 in 95ms
 ✓ Compiled in 80ms (286 modules)
 GET / 200 in 85ms
 ✓ Compiled in 97ms (286 modules)
 GET / 200 in 104ms
 ✓ Compiled in 84ms (286 modules)
 GET / 200 in 92ms
 ✓ Compiled in 105ms (286 modules)
 GET / 200 in 107ms
 ✓ Compiled in 85ms (286 modules)
 GET / 200 in 89ms
 ✓ Compiled in 90ms (286 modules)
 GET / 200 in 94ms
 ✓ Compiled in 84ms (286 modules)
 GET / 200 in 87ms
 ✓ Compiled in 88ms (286 modules)
 GET / 200 in 100ms
 ✓ Compiled in 86ms (286 modules)
 GET / 200 in 84ms
 ✓ Compiled in 91ms (286 modules)
 GET / 200 in 94ms
 ✓ Compiled in 78ms (286 modules)
 GET / 200 in 84ms
 ✓ Compiled in 90ms (286 modules)
 GET / 200 in 97ms
 ✓ Compiled in 84ms (286 modules)
 GET / 200 in 87ms
 ✓ Compiled in 89ms (286 modules)
 GET / 200 in 95ms
 ✓ Compiled in 83ms (286 modules)
 GET / 200 in 95ms
 ✓ Compiled in 102ms (286 modules)
 GET / 200 in 106ms
 ✓ Compiled in 85ms (286 modules)
 GET / 200 in 82ms
 ✓ Compiled in 92ms (286 modules)
 GET / 200 in 99ms
 ✓ Compiled in 77ms (286 modules)
 GET / 200 in 83ms
 ✓ Compiled in 104ms (286 modules)
 GET / 200 in 115ms
 ✓ Compiled in 91ms (286 modules)
 GET / 200 in 85ms
 ✓ Compiled in 88ms (286 modules)
 GET / 200 in 103ms
 ✓ Compiled in 89ms (286 modules)
 GET / 200 in 89ms
 ✓ Compiled in 94ms (286 modules)
 GET / 200 in 95ms
 ✓ Compiled in 80ms (286 modules)
 GET / 200 in 86ms
 ✓ Compiled in 100ms (286 modules)
 GET / 200 in 116ms
 ✓ Compiled in 99ms (286 modules)
 GET / 200 in 109ms
 ✓ Compiled in 116ms (286 modules)
 GET / 200 in 122ms
 ✓ Compiled in 101ms (286 modules)
 GET / 200 in 96ms
 ✓ Compiled in 103ms (286 modules)
 GET / 200 in 109ms
 ✓ Compiled in 94ms (286 modules)
 GET / 200 in 100ms
 ✓ Compiled in 105ms (286 modules)
 GET / 200 in 112ms
 ✓ Compiled in 95ms (286 modules)
 GET / 200 in 93ms
 ✓ Compiled in 103ms (286 modules)
 GET / 200 in 112ms
 ✓ Compiled in 93ms (286 modules)
 GET / 200 in 93ms
 ✓ Compiled in 98ms (286 modules)
 GET / 200 in 142ms
 ✓ Compiled in 132ms (286 modules)
 GET / 200 in 128ms
 ✓ Compiled in 137ms (286 modules)
 GET / 200 in 145ms
 ✓ Compiled in 117ms (286 modules)
 GET / 200 in 92ms
 ✓ Compiled in 95ms (286 modules)
 GET / 200 in 101ms
 ✓ Compiled in 82ms (286 modules)
 GET / 200 in 86ms
 ✓ Compiled in 97ms (286 modules)
 GET / 200 in 113ms
 ✓ Compiled in 92ms (286 modules)
 GET / 200 in 89ms
 ✓ Compiled in 96ms (286 modules)
 GET / 200 in 101ms
 ✓ Compiled in 90ms (286 modules)
 GET / 200 in 120ms
 ✓ Compiled in 136ms (286 modules)
 GET / 200 in 126ms
 ✓ Compiled in 94ms (286 modules)
 GET / 200 in 95ms
 ✓ Compiled in 109ms (286 modules)
 GET / 200 in 122ms
 ✓ Compiled in 104ms (286 modules)
 GET / 200 in 100ms
 ✓ Compiled in 97ms (286 modules)
 GET / 200 in 96ms
 ✓ Compiled in 80ms (286 modules)
 GET / 200 in 84ms
 ✓ Compiled in 92ms (286 modules)
 GET / 200 in 116ms
 ✓ Compiled in 103ms (286 modules)
 GET / 200 in 94ms
 ✓ Compiled in 95ms (286 modules)
 GET / 200 in 102ms
 ✓ Compiled in 84ms (286 modules)
 GET / 200 in 146ms
 ✓ Compiled in 98ms (286 modules)
 GET / 200 in 105ms
 ✓ Compiled in 91ms (286 modules)
 GET / 200 in 115ms
 ✓ Compiled in 139ms (286 modules)
 GET / 200 in 133ms
 ✓ Compiled in 117ms (286 modules)
 GET / 200 in 263ms
 ✓ Compiled in 161ms (286 modules)
 GET / 200 in 108ms
 ✓ Compiled in 97ms (286 modules)
 GET / 200 in 109ms
 ✓ Compiled in 154ms (286 modules)
 GET / 200 in 178ms
 ✓ Compiled in 139ms (286 modules)
 GET / 200 in 115ms
 ✓ Compiled in 123ms (286 modules)
 GET / 200 in 105ms
 ✓ Compiled in 80ms (286 modules)
 GET / 200 in 89ms
 ✓ Compiled in 92ms (286 modules)
 GET / 200 in 102ms
 ✓ Compiled in 88ms (286 modules)
 GET / 200 in 100ms
 ✓ Compiled in 106ms (286 modules)
 GET / 200 in 105ms
 ✓ Compiled in 91ms (286 modules)
 GET / 200 in 101ms
 ✓ Compiled in 166ms (286 modules)
 GET / 200 in 177ms
 ✓ Compiled in 113ms (286 modules)
 GET / 200 in 136ms
 ✓ Compiled in 109ms (286 modules)
 GET / 200 in 110ms
 ✓ Compiled in 83ms (286 modules)
 GET / 200 in 96ms
 ✓ Compiled in 97ms (286 modules)
 GET / 200 in 123ms
 ✓ Compiled in 109ms (286 modules)
 GET / 200 in 100ms
 ✓ Compiled in 108ms (286 modules)
 GET / 200 in 110ms
 ✓ Compiled in 87ms (286 modules)
 GET / 200 in 91ms
 ✓ Compiled in 93ms (286 modules)
 GET / 200 in 105ms
 ✓ Compiled in 98ms (286 modules)
 GET / 200 in 100ms
 ✓ Compiled in 99ms (286 modules)
 GET / 200 in 99ms
 ✓ Compiled in 84ms (286 modules)
 GET / 200 in 86ms
 ✓ Compiled in 85ms (286 modules)
 GET / 200 in 93ms
 ✓ Compiled in 78ms (286 modules)
 GET / 200 in 81ms
 ✓ Compiled in 92ms (286 modules)
 GET / 200 in 97ms
 ✓ Compiled in 79ms (286 modules)
 GET / 200 in 82ms
 ✓ Compiled in 86ms (286 modules)
 GET / 200 in 90ms
 ✓ Compiled in 92ms (286 modules)
 GET / 200 in 98ms
 ✓ Compiled in 91ms (286 modules)
 GET / 200 in 96ms
 ✓ Compiled in 81ms (286 modules)
 GET / 200 in 91ms
 ✓ Compiled in 94ms (286 modules)
 GET / 200 in 92ms
 ✓ Compiled in 76ms (286 modules)
 GET / 200 in 85ms
 ✓ Compiled in 90ms (286 modules)
 GET / 200 in 93ms
 ✓ Compiled in 79ms (286 modules)
 GET / 200 in 83ms
 ✓ Compiled in 95ms (286 modules)
 GET / 200 in 108ms
 ✓ Compiled in 86ms (286 modules)
 GET / 200 in 85ms
 ✓ Compiled in 94ms (286 modules)
 GET / 200 in 96ms
 ✓ Compiled in 77ms (286 modules)
 GET / 200 in 82ms
 ✓ Compiled in 91ms (286 modules)
 GET / 200 in 93ms
 ✓ Compiled in 75ms (286 modules)
 GET / 200 in 82ms
 ✓ Compiled in 89ms (286 modules)
 GET / 200 in 93ms
 ✓ Compiled in 81ms (286 modules)
 GET / 200 in 90ms
 ✓ Compiled in 101ms (286 modules)
 GET / 200 in 109ms
 ✓ Compiled in 92ms (286 modules)
 GET / 200 in 113ms
 ✓ Compiled in 118ms (286 modules)
 GET / 200 in 122ms
 ✓ Compiled in 113ms (286 modules)
 GET / 200 in 103ms
 ✓ Compiled in 108ms (286 modules)
 GET / 200 in 125ms
 ✓ Compiled in 105ms (286 modules)
 GET / 200 in 136ms
 ✓ Compiled in 166ms (286 modules)
 GET / 200 in 164ms
 ✓ Compiled in 125ms (286 modules)
 GET / 200 in 106ms
 ✓ Compiled in 104ms (286 modules)
 GET / 200 in 93ms
 ✓ Compiled in 74ms (286 modules)
 GET / 200 in 85ms
 ✓ Compiled in 119ms (286 modules)
 GET / 200 in 132ms
 ✓ Compiled in 92ms (286 modules)
 GET / 200 in 81ms
 ✓ Compiled in 89ms (286 modules)
 GET / 200 in 93ms
 ✓ Compiled in 77ms (286 modules)
 GET / 200 in 90ms
 ✓ Compiled in 93ms (286 modules)
 GET / 200 in 84ms
 ✓ Compiled in 69ms (286 modules)
 GET / 200 in 76ms
 ✓ Compiled in 84ms (286 modules)
 GET / 200 in 88ms
 ✓ Compiled in 76ms (286 modules)
 GET / 200 in 86ms
 ✓ Compiled in 90ms (286 modules)
 GET / 200 in 84ms
 ✓ Compiled in 73ms (286 modules)
 GET / 200 in 80ms
 ✓ Compiled in 82ms (286 modules)
 GET / 200 in 83ms
 ✓ Compiled in 76ms (286 modules)
 GET / 200 in 75ms
 ✓ Compiled in 83ms (286 modules)
 GET / 200 in 85ms
 ✓ Compiled in 71ms (286 modules)
 GET / 200 in 69ms
 ✓ Compiled in 77ms (286 modules)
 GET / 200 in 123ms
 ✓ Compiled in 75ms (286 modules)
 GET / 200 in 98ms
 ✓ Compiled in 148ms (286 modules)
 GET / 200 in 305ms
 ✓ Compiled in 250ms (286 modules)
 GET / 200 in 84ms
 ✓ Compiled in 78ms (286 modules)
 GET / 200 in 88ms
 ✓ Compiled in 80ms (286 modules)
 GET / 200 in 99ms
 ✓ Compiled in 72ms (286 modules)
 GET / 200 in 99ms
 ✓ Compiled in 82ms (286 modules)
 GET / 200 in 59ms
 ✓ Compiled in 81ms (286 modules)
 GET / 200 in 87ms
 ✓ Compiled in 78ms (286 modules)
 GET / 200 in 72ms
 ✓ Compiled in 99ms (286 modules)
 GET / 200 in 99ms
 ✓ Compiled in 68ms (286 modules)
 GET / 200 in 73ms
 ✓ Compiled in 85ms (286 modules)
 GET / 200 in 108ms
 ✓ Compiled in 98ms (286 modules)
 GET / 200 in 82ms
 ✓ Compiled in 76ms (286 modules)
 GET / 200 in 81ms
 ✓ Compiled in 69ms (286 modules)
 GET / 200 in 73ms
 ✓ Compiled in 80ms (286 modules)
 GET / 200 in 91ms
 ✓ Compiled in 79ms (286 modules)
 GET / 200 in 76ms
 ✓ Compiled in 82ms (286 modules)
 GET / 200 in 88ms
 ✓ Compiled in 77ms (286 modules)
 GET / 200 in 93ms
 ✓ Compiled in 107ms (286 modules)
 GET / 200 in 97ms
 ✓ Compiled in 71ms (286 modules)
 GET / 200 in 73ms
 ✓ Compiled in 79ms (286 modules)
 GET / 200 in 84ms
 ✓ Compiled in 69ms (286 modules)
 GET / 200 in 70ms
 ✓ Compiled in 76ms (286 modules)
 GET / 200 in 79ms
 ✓ Compiled in 66ms (286 modules)
 GET / 200 in 72ms
 ✓ Compiled in 79ms (286 modules)
 GET / 200 in 91ms
 ✓ Compiled in 86ms (286 modules)
 GET / 200 in 86ms
 ✓ Compiled in 86ms (286 modules)
 GET / 200 in 82ms
 ✓ Compiled in 68ms (286 modules)
 GET / 200 in 71ms
 ✓ Compiled in 173ms (286 modules)
 GET / 200 in 172ms
 ✓ Compiled in 64ms (286 modules)
 GET / 200 in 70ms
 ✓ Compiled in 78ms (286 modules)
 GET / 200 in 83ms
 ✓ Compiled in 69ms (286 modules)
 GET / 200 in 99ms
 ✓ Compiled in 115ms (286 modules)
 GET / 200 in 95ms
 ✓ Compiled in 72ms (286 modules)
 GET / 200 in 71ms
 ✓ Compiled in 78ms (286 modules)
 GET / 200 in 82ms
 ✓ Compiled in 68ms (286 modules)
 GET / 200 in 46ms
 ✓ Compiled in 77ms (286 modules)
 GET / 200 in 84ms
 ✓ Compiled in 72ms (286 modules)
 GET / 200 in 87ms
 ✓ Compiled in 103ms (286 modules)
 GET / 200 in 92ms
 ✓ Compiled in 69ms (286 modules)
 GET / 200 in 70ms
 ✓ Compiled in 80ms (286 modules)
 GET / 200 in 87ms
 ✓ Compiled in 70ms (286 modules)
 GET / 200 in 81ms
 ✓ Compiled in 89ms (286 modules)
 GET / 200 in 84ms
 ✓ Compiled in 68ms (286 modules)
 GET / 200 in 69ms
 ✓ Compiled in 77ms (286 modules)
 GET / 200 in 86ms
 ✓ Compiled in 72ms (286 modules)
 GET / 200 in 74ms
 ✓ Compiled in 77ms (286 modules)
 GET / 200 in 81ms
 ✓ Compiled in 69ms (286 modules)
 GET / 200 in 69ms
 ✓ Compiled in 76ms (286 modules)
 GET / 200 in 79ms
 ✓ Compiled in 66ms (286 modules)
 GET / 200 in 69ms
 ✓ Compiled in 77ms (286 modules)
 GET / 200 in 80ms
 ✓ Compiled in 124ms (286 modules)
 GET / 200 in 173ms
 ✓ Compiled in 79ms (286 modules)
 GET / 200 in 81ms
 ✓ Compiled in 66ms (286 modules)
 GET / 200 in 72ms
 ✓ Compiled in 77ms (286 modules)
 GET / 200 in 80ms
 ✓ Compiled in 66ms (286 modules)
 GET / 200 in 70ms
 ✓ Compiled in 75ms (286 modules)
 GET / 200 in 80ms
 ✓ Compiled in 68ms (286 modules)
 GET / 200 in 71ms
 ✓ Compiled in 76ms (286 modules)
 GET / 200 in 77ms
 ✓ Compiled in 65ms (286 modules)
 GET / 200 in 67ms
 ✓ Compiled in 74ms (286 modules)
 GET / 200 in 86ms
 ✓ Compiled in 74ms (286 modules)
 GET / 200 in 74ms
 ✓ Compiled in 79ms (286 modules)
 GET / 200 in 79ms
 ✓ Compiled in 66ms (286 modules)
 GET / 200 in 74ms
 ✓ Compiled in 80ms (286 modules)
 GET / 200 in 84ms
 ✓ Compiled in 70ms (286 modules)
 GET / 200 in 70ms
 ✓ Compiled in 78ms (286 modules)
 GET / 200 in 81ms
 ✓ Compiled in 68ms (286 modules)
 GET / 200 in 71ms
 ✓ Compiled in 80ms (286 modules)
 GET / 200 in 84ms
 ✓ Compiled in 72ms (286 modules)
 GET / 200 in 73ms
 ✓ Compiled in 79ms (286 modules)
 GET / 200 in 84ms
 ✓ Compiled in 71ms (286 modules)
 GET / 200 in 72ms
 ✓ Compiled in 77ms (286 modules)
 GET / 200 in 77ms
 ✓ Compiled in 65ms (286 modules)
 GET / 200 in 69ms
 ✓ Compiled in 83ms (286 modules)
 GET / 200 in 90ms
 ✓ Compiled in 71ms (286 modules)
 GET / 200 in 72ms
 ✓ Compiled in 78ms (286 modules)
 GET / 200 in 77ms
 ✓ Compiled in 64ms (286 modules)
 GET / 200 in 68ms
 ✓ Compiled in 76ms (286 modules)
 GET / 200 in 81ms
 ✓ Compiled in 69ms (286 modules)
 GET / 200 in 49ms
 ✓ Compiled in 78ms (286 modules)
 GET / 200 in 126ms
 ✓ Compiled in 70ms (286 modules)
 GET / 200 in 77ms
 ✓ Compiled in 84ms (286 modules)
 GET / 200 in 78ms
 ✓ Compiled in 69ms (286 modules)
 GET / 200 in 74ms
 ✓ Compiled in 83ms (286 modules)
 GET / 200 in 79ms
 ✓ Compiled in 64ms (286 modules)
 GET / 200 in 66ms
 ✓ Compiled in 76ms (286 modules)
 GET / 200 in 83ms
 ✓ Compiled in 72ms (286 modules)
 GET / 200 in 75ms
 ✓ Compiled in 81ms (286 modules)
 GET / 200 in 81ms
 ✓ Compiled in 71ms (286 modules)
 GET / 200 in 83ms
 ✓ Compiled in 91ms (286 modules)
 GET / 200 in 129ms
 ✓ Compiled in 118ms (286 modules)
 GET / 200 in 134ms
 ✓ Compiled in 132ms (286 modules)
 GET / 200 in 86ms
 ✓ Compiled in 68ms (286 modules)
 GET / 200 in 70ms
 ✓ Compiled in 85ms (286 modules)
 GET / 200 in 94ms
 ✓ Compiled in 91ms (286 modules)
 GET / 200 in 90ms
 ✓ Compiled in 77ms (286 modules)
 GET / 200 in 107ms
 ✓ Compiled in 84ms (286 modules)
 GET / 200 in 75ms
 ✓ Compiled in 86ms (286 modules)
 GET / 200 in 82ms
 ✓ Compiled in 67ms (286 modules)
 GET / 200 in 69ms
 ✓ Compiled in 80ms (286 modules)
 GET / 200 in 87ms
 ✓ Compiled in 70ms (286 modules)
 GET / 200 in 75ms
 ✓ Compiled in 80ms (286 modules)
 GET / 200 in 82ms
 ✓ Compiled in 68ms (286 modules)
 GET / 200 in 77ms
 ✓ Compiled in 83ms (286 modules)
 GET / 200 in 77ms
 ✓ Compiled in 69ms (286 modules)
 GET / 200 in 73ms
 ✓ Compiled in 79ms (286 modules)
 GET / 200 in 80ms
 ✓ Compiled in 67ms (286 modules)
 GET / 200 in 73ms
 ✓ Compiled in 77ms (286 modules)
 GET / 200 in 73ms
 ✓ Compiled in 71ms (286 modules)
 GET / 200 in 79ms
 ✓ Compiled in 83ms (286 modules)
 GET / 200 in 78ms
 ✓ Compiled in 67ms (286 modules)
 GET / 200 in 70ms
 ✓ Compiled in 129ms (286 modules)
 GET / 200 in 129ms
 ✓ Compiled in 67ms (286 modules)
 GET / 200 in 69ms
 ✓ Compiled in 77ms (286 modules)
 GET / 200 in 129ms
 ✓ Compiled in 65ms (286 modules)
 GET / 200 in 70ms
 ✓ Compiled in 78ms (286 modules)
 GET / 200 in 82ms
 ✓ Compiled in 68ms (286 modules)
 GET / 200 in 70ms
 ✓ Compiled in 79ms (286 modules)
 GET / 200 in 81ms
 ✓ Compiled in 68ms (286 modules)
 GET / 200 in 71ms
 ✓ Compiled in 81ms (286 modules)
 GET / 200 in 81ms
 ✓ Compiled in 69ms (286 modules)
 GET / 200 in 69ms
 ✓ Compiled in 76ms (286 modules)
 GET / 200 in 80ms
 ✓ Compiled in 67ms (286 modules)
 GET / 200 in 72ms
 ✓ Compiled in 79ms (286 modules)
 GET / 200 in 83ms
 ✓ Compiled in 71ms (286 modules)
 GET / 200 in 68ms
 ✓ Compiled in 73ms (286 modules)
 GET / 200 in 80ms
 ✓ Compiled in 67ms (286 modules)
 GET / 200 in 73ms
 ✓ Compiled in 80ms (286 modules)
 GET / 200 in 81ms
 ✓ Compiled in 66ms (286 modules)
 GET / 200 in 79ms
 ✓ Compiled in 85ms (286 modules)
 GET / 200 in 59ms
 ✓ Compiled in 65ms (286 modules)
 GET / 200 in 64ms
 ✓ Compiled in 75ms (286 modules)
 GET / 200 in 80ms
 ✓ Compiled in 69ms (286 modules)
 GET / 200 in 68ms
 ✓ Compiled in 76ms (286 modules)
 GET / 200 in 85ms
 ✓ Compiled in 71ms (286 modules)
 GET / 200 in 69ms
 ✓ Compiled in 76ms (286 modules)
 GET / 200 in 80ms
 ✓ Compiled in 69ms (286 modules)
 GET / 200 in 71ms
 ✓ Compiled in 75ms (286 modules)
 GET / 200 in 79ms
 ✓ Compiled in 66ms (286 modules)
 GET / 200 in 74ms
 ✓ Compiled in 81ms (286 modules)
 GET / 200 in 85ms
 ✓ Compiled in 67ms (286 modules)
 GET / 200 in 67ms
 ✓ Compiled in 78ms (286 modules)
 GET / 200 in 79ms
 ✓ Compiled in 66ms (286 modules)
 GET / 200 in 71ms
 ✓ Compiled in 78ms (286 modules)
 GET / 200 in 77ms
 ✓ Compiled in 65ms (286 modules)
 GET / 200 in 75ms
 ✓ Compiled in 84ms (286 modules)
 GET / 200 in 84ms
 ✓ Compiled in 71ms (286 modules)
 GET / 200 in 71ms
 ✓ Compiled in 75ms (286 modules)
 GET / 200 in 79ms
 ✓ Compiled in 68ms (286 modules)
 GET / 200 in 72ms
 ✓ Compiled in 81ms (286 modules)
 GET / 200 in 84ms
 ✓ Compiled in 70ms (286 modules)
 GET / 200 in 68ms
 ✓ Compiled in 77ms (286 modules)
 GET / 200 in 84ms
 ✓ Compiled in 76ms (286 modules)
 GET / 200 in 86ms
 ✓ Compiled in 91ms (286 modules)
 GET / 200 in 88ms
 ✓ Compiled in 73ms (286 modules)
 GET / 200 in 80ms
 ✓ Compiled in 94ms (286 modules)
 GET / 200 in 100ms
 ✓ Compiled in 81ms (286 modules)
 GET / 200 in 79ms
 ✓ Compiled in 80ms (286 modules)
 GET / 200 in 78ms
 ✓ Compiled in 65ms (286 modules)
 GET / 200 in 73ms
 ✓ Compiled in 83ms (286 modules)
 GET / 200 in 93ms
 ✓ Compiled in 77ms (286 modules)
 GET / 200 in 72ms
 ✓ Compiled in 78ms (286 modules)
 GET / 200 in 81ms
 ✓ Compiled in 67ms (286 modules)
 GET / 200 in 71ms
 ✓ Compiled in 80ms (286 modules)
 GET / 200 in 93ms
 ✓ Compiled in 80ms (286 modules)
 GET / 200 in 74ms
 ✓ Compiled in 83ms (286 modules)
 GET / 200 in 77ms
 ✓ Compiled in 66ms (286 modules)
 GET / 200 in 76ms
 ✓ Compiled in 85ms (286 modules)
 GET / 200 in 84ms
 ✓ Compiled in 69ms (286 modules)
 GET / 200 in 73ms
 ✓ Compiled in 76ms (286 modules)
 GET / 200 in 77ms
 ✓ Compiled in 65ms (286 modules)
 GET / 200 in 71ms
 ✓ Compiled in 79ms (286 modules)
 GET / 200 in 80ms
 ✓ Compiled in 66ms (286 modules)
 GET / 200 in 73ms
 ✓ Compiled in 82ms (286 modules)
 GET / 200 in 92ms
 ✓ Compiled in 73ms (286 modules)
 GET / 200 in 69ms
 ✓ Compiled in 76ms (286 modules)
 GET / 200 in 80ms
 ✓ Compiled in 68ms (286 modules)
 GET / 200 in 67ms
 ✓ Compiled in 72ms (286 modules)
 GET / 200 in 79ms
 ✓ Compiled in 66ms (286 modules)
 GET / 200 in 69ms
 ✓ Compiled in 77ms (286 modules)
 GET / 200 in 81ms
 ✓ Compiled in 70ms (286 modules)
 GET / 200 in 68ms
 ✓ Compiled in 136ms (286 modules)
 GET / 200 in 141ms
 ✓ Compiled in 68ms (286 modules)
 GET / 200 in 71ms
 ✓ Compiled in 81ms (286 modules)
 GET / 200 in 95ms
 ✓ Compiled in 80ms (286 modules)
 GET / 200 in 84ms
 ✓ Compiled in 90ms (286 modules)
 GET / 200 in 281ms
 ✓ Compiled in 272ms (286 modules)
 GET / 200 in 91ms
 ✓ Compiled in 89ms (286 modules)
 GET / 200 in 74ms
 ✓ Compiled in 77ms (286 modules)
 GET / 200 in 81ms
 ✓ Compiled in 71ms (286 modules)
 GET / 200 in 76ms
 ✓ Compiled in 84ms (286 modules)
 GET / 200 in 90ms
 ✓ Compiled in 73ms (286 modules)
 GET / 200 in 74ms
 ✓ Compiled in 82ms (286 modules)
 GET / 200 in 81ms
 ✓ Compiled in 66ms (286 modules)
 GET / 200 in 65ms
 ✓ Compiled in 73ms (286 modules)
 GET / 200 in 79ms
 ✓ Compiled in 65ms (286 modules)
 GET / 200 in 71ms
 ✓ Compiled in 82ms (286 modules)
 GET / 200 in 82ms
 ✓ Compiled in 68ms (286 modules)
 GET / 200 in 71ms
 ✓ Compiled in 78ms (286 modules)
 GET / 200 in 79ms
 ✓ Compiled in 66ms (286 modules)
 GET / 200 in 68ms
 ✓ Compiled in 77ms (286 modules)
 GET / 200 in 137ms
 ✓ Compiled in 68ms (286 modules)
 GET / 200 in 64ms
 ✓ Compiled in 75ms (286 modules)
 GET / 200 in 80ms
 ✓ Compiled in 68ms (286 modules)
 GET / 200 in 71ms
 ✓ Compiled in 81ms (286 modules)
 GET / 200 in 82ms
 ✓ Compiled in 68ms (286 modules)
 GET / 200 in 72ms
 ✓ Compiled in 80ms (286 modules)
 GET / 200 in 82ms
 ✓ Compiled in 69ms (286 modules)
 GET / 200 in 70ms
 ✓ Compiled in 77ms (286 modules)
 GET / 200 in 82ms
 ✓ Compiled in 69ms (286 modules)
 GET / 200 in 70ms
 ✓ Compiled in 85ms (286 modules)
 GET / 200 in 121ms
 ✓ Compiled in 71ms (286 modules)
 GET / 200 in 70ms
 ✓ Compiled in 126ms (286 modules)
 GET / 200 in 130ms
 ✓ Compiled in 71ms (286 modules)
 GET / 200 in 79ms
 ✓ Compiled in 91ms (286 modules)
 GET / 200 in 91ms
 ✓ Compiled in 68ms (286 modules)
 GET / 200 in 70ms
 ✓ Compiled in 77ms (286 modules)
 GET / 200 in 78ms
 ✓ Compiled in 68ms (286 modules)
 GET / 200 in 72ms
 ✓ Compiled in 77ms (286 modules)
 GET / 200 in 84ms
 ✓ Compiled in 66ms (286 modules)
 GET / 200 in 70ms
 ✓ Compiled in 79ms (286 modules)
 GET / 200 in 82ms
 ✓ Compiled in 69ms (286 modules)
 GET / 200 in 69ms
 ✓ Compiled in 78ms (286 modules)
 GET / 200 in 81ms
 ✓ Compiled in 64ms (286 modules)
 GET / 200 in 70ms
 ✓ Compiled in 76ms (286 modules)
 GET / 200 in 80ms
 ✓ Compiled in 68ms (286 modules)
 GET / 200 in 71ms
 ✓ Compiled in 77ms (286 modules)
 GET / 200 in 83ms
 ✓ Compiled in 71ms (286 modules)
 GET / 200 in 71ms
 ✓ Compiled in 79ms (286 modules)
 GET / 200 in 87ms
 ✓ Compiled in 102ms (286 modules)
 GET / 200 in 100ms
 ✓ Compiled in 91ms (286 modules)
 GET / 200 in 126ms
 ✓ Compiled in 123ms (286 modules)
 GET / 200 in 227ms
 ✓ Compiled in 90ms (286 modules)
 GET / 200 in 123ms
 ✓ Compiled in 98ms (286 modules)
 GET / 200 in 117ms
 ✓ Compiled in 109ms (286 modules)
 GET / 200 in 112ms
 ✓ Compiled in 67ms (286 modules)
 GET / 200 in 68ms
 ✓ Compiled in 76ms (286 modules)
 GET / 200 in 78ms
 ✓ Compiled in 66ms (286 modules)
 GET / 200 in 69ms
 ✓ Compiled in 79ms (286 modules)
 GET / 200 in 80ms
 ✓ Compiled in 69ms (286 modules)
 GET / 200 in 68ms
 ✓ Compiled in 78ms (286 modules)
 GET / 200 in 87ms
 ✓ Compiled in 130ms (286 modules)
 GET / 200 in 125ms
 ✓ Compiled in 73ms (286 modules)
 GET / 200 in 76ms
 ✓ Compiled in 65ms (286 modules)
 GET / 200 in 63ms
 ✓ Compiled in 74ms (286 modules)
 GET / 200 in 78ms
 ✓ Compiled in 66ms (286 modules)
 GET / 200 in 70ms
 ✓ Compiled in 77ms (286 modules)
 GET / 200 in 85ms
 ✓ Compiled in 73ms (286 modules)
 GET / 200 in 86ms
 ✓ Compiled in 94ms (286 modules)
 GET / 200 in 84ms
 ✓ Compiled in 67ms (286 modules)
 GET / 200 in 68ms
 ✓ Compiled in 76ms (286 modules)
 GET / 200 in 81ms
 ✓ Compiled in 67ms (286 modules)
 GET / 200 in 71ms
 ✓ Compiled in 77ms (286 modules)
 GET / 200 in 80ms
 ✓ Compiled in 82ms (286 modules)
 GET / 200 in 82ms
 ✓ Compiled in 76ms (286 modules)
 GET / 200 in 92ms
 ✓ Compiled in 87ms (286 modules)
 GET / 200 in 82ms
 ✓ Compiled in 85ms (286 modules)
 GET / 200 in 74ms
 ✓ Compiled in 63ms (286 modules)
 GET / 200 in 66ms
 ✓ Compiled in 73ms (286 modules)
 GET / 200 in 79ms
 ✓ Compiled in 66ms (286 modules)
 GET / 200 in 65ms
 ✓ Compiled in 74ms (286 modules)
 GET / 200 in 78ms
 ✓ Compiled in 65ms (286 modules)
 GET / 200 in 71ms
 ✓ Compiled in 79ms (286 modules)
 GET / 200 in 80ms
 ✓ Compiled in 73ms (286 modules)
 GET / 200 in 80ms
 ✓ Compiled in 83ms (286 modules)
 GET / 200 in 80ms
 ✓ Compiled in 64ms (286 modules)
 GET / 200 in 70ms
 ✓ Compiled in 77ms (286 modules)
 GET / 200 in 87ms
 ✓ Compiled in 73ms (286 modules)
 GET / 200 in 74ms
 ✓ Compiled in 80ms (286 modules)
 GET / 200 in 81ms
 ✓ Compiled in 67ms (286 modules)
 GET / 200 in 71ms
 ✓ Compiled in 76ms (286 modules)
 GET / 200 in 93ms
 ✓ Compiled in 81ms (286 modules)
 GET / 200 in 73ms
 ✓ Compiled in 79ms (286 modules)
 GET / 200 in 82ms
 ✓ Compiled in 71ms (286 modules)
 GET / 200 in 82ms
 ✓ Compiled in 89ms (286 modules)
 GET / 200 in 86ms
 ✓ Compiled in 70ms (286 modules)
 GET / 200 in 71ms
 ✓ Compiled in 77ms (286 modules)
 GET / 200 in 77ms
 ✓ Compiled in 67ms (286 modules)
 GET / 200 in 70ms
 ✓ Compiled in 164ms (286 modules)
 GET / 200 in 166ms
 ✓ Compiled in 65ms (286 modules)
 GET / 200 in 72ms
 ✓ Compiled in 78ms (286 modules)
 GET / 200 in 91ms
 ✓ Compiled in 78ms (286 modules)
 GET / 200 in 71ms
 ✓ Compiled in 75ms (286 modules)
 GET / 200 in 79ms
 ✓ Compiled in 67ms (286 modules)
 GET / 200 in 74ms
 ✓ Compiled in 79ms (286 modules)
 GET / 200 in 80ms
 ✓ Compiled in 66ms (286 modules)
 GET / 200 in 69ms
 ✓ Compiled in 75ms (286 modules)
 GET / 200 in 80ms
 ✓ Compiled in 70ms (286 modules)
 GET / 200 in 72ms
 ✓ Compiled in 77ms (286 modules)
 GET / 200 in 81ms
 ✓ Compiled in 68ms (286 modules)
 GET / 200 in 74ms
 ✓ Compiled in 77ms (286 modules)
 GET / 200 in 79ms
 ✓ Compiled in 68ms (286 modules)
 GET / 200 in 70ms
 ✓ Compiled in 77ms (286 modules)
 GET / 200 in 80ms
 ✓ Compiled in 68ms (286 modules)
 GET / 200 in 72ms
 ✓ Compiled in 82ms (286 modules)
 GET / 200 in 84ms
 ✓ Compiled in 98ms (286 modules)
 GET / 200 in 101ms
 ✓ Compiled in 76ms (286 modules)
 GET / 200 in 81ms
 ✓ Compiled in 69ms (286 modules)
 GET / 200 in 70ms
 ✓ Compiled in 79ms (286 modules)
 GET / 200 in 87ms
 ✓ Compiled in 70ms (286 modules)
 GET / 200 in 74ms
 ✓ Compiled in 77ms (286 modules)
 GET / 200 in 79ms
 ✓ Compiled in 64ms (286 modules)
 GET / 200 in 72ms
 ✓ Compiled in 80ms (286 modules)
 GET / 200 in 78ms
 ✓ Compiled in 66ms (286 modules)
 GET / 200 in 72ms
 ✓ Compiled in 78ms (286 modules)
 GET / 200 in 81ms
 ✓ Compiled in 68ms (286 modules)
 GET / 200 in 79ms
 ✓ Compiled in 86ms (286 modules)
 GET / 200 in 80ms
 ✓ Compiled in 69ms (286 modules)
 GET / 200 in 81ms
 ✓ Compiled in 88ms (286 modules)
 GET / 200 in 79ms
 ✓ Compiled in 65ms (286 modules)
 GET / 200 in 67ms
 ✓ Compiled in 76ms (286 modules)
 GET / 200 in 83ms
 ✓ Compiled in 68ms (286 modules)
 GET / 200 in 71ms
 ✓ Compiled in 131ms (286 modules)
 GET / 200 in 132ms
 ✓ Compiled in 67ms (286 modules)
 GET / 200 in 74ms
 ✓ Compiled in 83ms (286 modules)
 GET / 200 in 87ms
 ✓ Compiled in 72ms (286 modules)
 GET / 200 in 72ms
 ✓ Compiled in 75ms (286 modules)
 GET / 200 in 81ms
 ✓ Compiled in 68ms (286 modules)
 GET / 200 in 63ms
 ✓ Compiled in 73ms (286 modules)
 GET / 200 in 82ms
 ✓ Compiled in 68ms (286 modules)
 GET / 200 in 68ms
 ✓ Compiled in 77ms (286 modules)
 GET / 200 in 79ms
 ✓ Compiled in 65ms (286 modules)
 GET / 200 in 68ms
 ✓ Compiled in 77ms (286 modules)
 GET / 200 in 80ms
 ✓ Compiled in 123ms (286 modules)
 GET / 200 in 126ms
 ✓ Compiled in 78ms (286 modules)
 GET / 200 in 80ms
 ✓ Compiled in 67ms (286 modules)
 GET / 200 in 103ms
 ✓ Compiled in 109ms (286 modules)
 GET / 200 in 78ms
 ✓ Compiled in 64ms (286 modules)
 GET / 200 in 69ms
 ✓ Compiled in 75ms (286 modules)
 GET / 200 in 76ms
 ✓ Compiled in 74ms (286 modules)
 GET / 200 in 78ms
 ✓ Compiled in 74ms (286 modules)
 GET / 200 in 76ms
 ✓ Compiled in 65ms (286 modules)
 GET / 200 in 69ms
 ✓ Compiled in 81ms (286 modules)
 GET / 200 in 81ms
 ✓ Compiled in 70ms (286 modules)
 GET / 200 in 67ms
 ✓ Compiled in 74ms (286 modules)
 GET / 200 in 79ms
 ✓ Compiled in 67ms (286 modules)
 GET / 200 in 70ms
 ✓ Compiled in 76ms (286 modules)
 GET / 200 in 78ms
 ✓ Compiled in 65ms (286 modules)
 GET / 200 in 69ms
 ✓ Compiled in 77ms (286 modules)
 GET / 200 in 81ms
 ✓ Compiled in 67ms (286 modules)
 GET / 200 in 71ms
 ✓ Compiled in 77ms (286 modules)
 GET / 200 in 77ms
 ✓ Compiled in 120ms (286 modules)
 GET / 200 in 127ms
 ✓ Compiled in 73ms (286 modules)
 GET / 200 in 76ms
 ✓ Compiled in 64ms (286 modules)
 GET / 200 in 68ms
 ✓ Compiled in 76ms (286 modules)
 GET / 200 in 89ms
 ✓ Compiled in 75ms (286 modules)
 GET / 200 in 74ms
 GET / 200 in 41ms
 ✓ Compiled in 132ms (286 modules)
 GET / 200 in 73ms
 ✓ Compiled in 71ms (286 modules)
 GET / 200 in 70ms
 ✓ Compiled in 116ms (286 modules)
 GET / 200 in 118ms
 ✓ Compiled in 66ms (286 modules)
 GET / 200 in 70ms
 ✓ Compiled in 134ms (286 modules)
 GET / 200 in 133ms
 ✓ Compiled in 64ms (286 modules)
 GET / 200 in 67ms
 ✓ Compiled in 74ms (286 modules)
 GET / 200 in 83ms
 ✓ Compiled in 71ms (286 modules)
 GET / 200 in 71ms
 ✓ Compiled in 79ms (286 modules)
 GET / 200 in 82ms
 ✓ Compiled in 67ms (286 modules)
 GET / 200 in 71ms
 ✓ Compiled in 78ms (286 modules)
 GET / 200 in 81ms
 ✓ Compiled in 68ms (286 modules)
 GET / 200 in 69ms
 ✓ Compiled in 75ms (286 modules)
 GET / 200 in 79ms
 ✓ Compiled in 68ms (286 modules)
 GET / 200 in 67ms
 ✓ Compiled in 72ms (286 modules)
 GET / 200 in 78ms
 ✓ Compiled in 65ms (286 modules)
 GET / 200 in 74ms
 ✓ Compiled in 79ms (286 modules)
 GET / 200 in 80ms
 ✓ Compiled in 82ms (286 modules)
 GET / 200 in 84ms
 ✓ Compiled in 77ms (286 modules)
 GET / 200 in 81ms
 ✓ Compiled in 67ms (286 modules)
 GET / 200 in 71ms
 ✓ Compiled in 77ms (286 modules)
 GET / 200 in 80ms
 ✓ Compiled in 66ms (286 modules)
 GET / 200 in 74ms
 ✓ Compiled in 84ms (286 modules)
 GET / 200 in 89ms
 ✓ Compiled in 84ms (286 modules)
 GET / 200 in 85ms
 ✓ Compiled in 82ms (286 modules)
 GET / 200 in 82ms
 ✓ Compiled in 67ms (286 modules)
 GET / 200 in 69ms
 ✓ Compiled in 79ms (286 modules)
 GET / 200 in 87ms
 ✓ Compiled in 128ms (286 modules)
 GET / 200 in 128ms
 ✓ Compiled in 80ms (286 modules)
 GET / 200 in 86ms
 ✓ Compiled in 72ms (286 modules)
 GET / 200 in 79ms
 ✓ Compiled in 86ms (286 modules)
 GET / 200 in 87ms
 ✓ Compiled in 70ms (286 modules)
 GET / 200 in 75ms
 ✓ Compiled in 80ms (286 modules)
 GET / 200 in 79ms
 ✓ Compiled in 82ms (286 modules)
 GET / 200 in 39ms
 ✓ Compiled in 82ms (286 modules)
 GET / 200 in 77ms
 ✓ Compiled in 82ms (286 modules)
 GET / 200 in 81ms
 ✓ Compiled in 95ms (286 modules)
 GET / 200 in 96ms
 ✓ Compiled in 360ms (286 modules)
 GET / 200 in 355ms
 ✓ Compiled in 82ms (286 modules)
 ✓ Compiled in 103ms (286 modules)
 GET / 200 in 98ms
 ✓ Compiled in 85ms (286 modules)
 GET / 200 in 80ms
 ✓ Compiled in 87ms (286 modules)
 GET / 200 in 86ms
 ✓ Compiled in 76ms (286 modules)
 GET / 200 in 71ms
 ✓ Compiled in 87ms (286 modules)
 GET / 200 in 86ms
 ✓ Compiled in 68ms (286 modules)
 GET / 200 in 70ms
 ✓ Compiled in 80ms (286 modules)
 GET / 200 in 79ms
 ✓ Compiled in 72ms (286 modules)
 GET / 200 in 72ms
 ✓ Compiled in 87ms (286 modules)
 GET / 200 in 87ms
 ✓ Compiled in 68ms (286 modules)
 GET / 200 in 68ms
 ✓ Compiled in 80ms (286 modules)
 GET / 200 in 79ms
 ✓ Compiled in 67ms (286 modules)
 GET / 200 in 63ms
 ✓ Compiled in 86ms (286 modules)
 GET / 200 in 86ms
 GET / 200 in 68ms
 ✓ Compiled in 73ms (286 modules)
 GET / 200 in 58ms
 ✓ Compiled in 78ms (286 modules)
 GET / 200 in 79ms
 ✓ Compiled in 66ms (286 modules)
 GET / 200 in 71ms
 ✓ Compiled in 79ms (286 modules)
 GET / 200 in 84ms
 ✓ Compiled in 71ms (286 modules)
 GET / 200 in 71ms
 ✓ Compiled in 79ms (286 modules)
 GET / 200 in 87ms
 ✓ Compiled in 71ms (286 modules)
 GET / 200 in 69ms
 ✓ Compiled in 77ms (286 modules)
 GET / 200 in 82ms
 ✓ Compiled in 69ms (286 modules)
 GET / 200 in 72ms
 ✓ Compiled in 82ms (286 modules)
 GET / 200 in 86ms
 ✓ Compiled in 67ms (286 modules)
 GET / 200 in 72ms
 ✓ Compiled in 177ms (286 modules)
 GET / 200 in 179ms
 ✓ Compiled in 62ms (286 modules)
 GET / 200 in 65ms
 ✓ Compiled in 76ms (286 modules)
 GET / 200 in 80ms
 ✓ Compiled in 66ms (286 modules)
 GET / 200 in 69ms
 ✓ Compiled in 79ms (286 modules)
 GET / 200 in 55ms
 ✓ Compiled in 66ms (286 modules)
 GET / 200 in 70ms
 ✓ Compiled in 78ms (286 modules)
 GET / 200 in 82ms
 ✓ Compiled in 70ms (286 modules)
 GET / 200 in 70ms
 ✓ Compiled in 78ms (286 modules)
 GET / 200 in 87ms
 ✓ Compiled in 71ms (286 modules)
 GET / 200 in 70ms
 ✓ Compiled in 77ms (286 modules)
 GET / 200 in 81ms
 ✓ Compiled in 65ms (286 modules)
 GET / 200 in 69ms
 ✓ Compiled in 78ms (286 modules)
 GET / 200 in 80ms
 ✓ Compiled in 65ms (286 modules)
 GET / 200 in 69ms
 ✓ Compiled in 77ms (286 modules)
 GET / 200 in 84ms
 ✓ Compiled in 69ms (286 modules)
 GET / 200 in 61ms
 ✓ Compiled in 68ms (286 modules)
 ✓ Compiled in 62ms (286 modules)
 ✓ Compiled in 58ms (286 modules)
 ✓ Compiled in 55ms (286 modules)
 ✓ Compiled in 63ms (286 modules)
 ✓ Compiled in 87ms (286 modules)
 GET / 200 in 85ms
 ✓ Compiled in 86ms (286 modules)
 GET / 200 in 83ms
 ✓ Compiled in 77ms (286 modules)
 GET / 200 in 79ms
 ✓ Compiled in 77ms (286 modules)
 GET / 200 in 80ms
 ✓ Compiled in 67ms (286 modules)
 GET / 200 in 68ms
 ✓ Compiled in 75ms (286 modules)
 GET / 200 in 77ms
 GET / 200 in 69ms
 ✓ Compiled in 74ms (286 modules)
 GET / 200 in 80ms
 ✓ Compiled in 79ms (286 modules)
 GET / 200 in 58ms
 ✓ Compiled in 70ms (286 modules)
 GET / 200 in 70ms
 ✓ Compiled in 76ms (286 modules)
 GET / 200 in 79ms
 ✓ Compiled in 68ms (286 modules)
 GET / 200 in 66ms
 ✓ Compiled in 80ms (286 modules)
 GET / 200 in 77ms
 ✓ Compiled in 175ms (286 modules)
 GET / 200 in 182ms
 ✓ Compiled in 125ms (286 modules)
 GET / 200 in 125ms
 ✓ Compiled in 62ms (286 modules)
 GET / 200 in 60ms
 ✓ Compiled in 82ms (286 modules)
 GET / 200 in 55ms
 ✓ Compiled in 67ms (286 modules)
 GET / 200 in 66ms
 ✓ Compiled in 73ms (286 modules)
 GET / 200 in 58ms
 ✓ Compiled in 68ms (286 modules)
 GET / 200 in 66ms
 ✓ Compiled in 77ms (286 modules)
 GET / 200 in 77ms
 ✓ Compiled in 66ms (286 modules)
 GET / 200 in 69ms
 ✓ Compiled in 79ms (286 modules)
 GET / 200 in 82ms
 ✓ Compiled in 68ms (286 modules)
 GET / 200 in 69ms
 ✓ Compiled in 78ms (286 modules)
 GET / 200 in 81ms
 ✓ Compiled in 67ms (286 modules)
 GET / 200 in 69ms
 ✓ Compiled in 78ms (286 modules)
 GET / 200 in 80ms
 ✓ Compiled in 66ms (286 modules)
 GET / 200 in 69ms
 ✓ Compiled in 78ms (286 modules)
 GET / 200 in 79ms
 ✓ Compiled in 67ms (286 modules)
 GET / 200 in 73ms
 ✓ Compiled in 78ms (286 modules)
 GET / 200 in 79ms
 ✓ Compiled in 66ms (286 modules)
 GET / 200 in 69ms
 ✓ Compiled in 75ms (286 modules)
 GET / 200 in 85ms
 ✓ Compiled in 68ms (286 modules)
 GET / 200 in 75ms
 ✓ Compiled in 82ms (286 modules)
 GET / 200 in 90ms
 ✓ Compiled in 74ms (286 modules)
 GET / 200 in 69ms
 ✓ Compiled in 79ms (286 modules)
 GET / 200 in 81ms
 ✓ Compiled in 66ms (286 modules)
 GET / 200 in 66ms
 ✓ Compiled in 78ms (286 modules)
 GET / 200 in 79ms
 ✓ Compiled in 64ms (286 modules)
 GET / 200 in 72ms
 ✓ Compiled in 81ms (286 modules)
 GET / 200 in 78ms
 ✓ Compiled in 65ms (286 modules)
 GET / 200 in 69ms
 ✓ Compiled in 75ms (286 modules)
 GET / 200 in 77ms
 ✓ Compiled in 63ms (286 modules)
 GET / 200 in 70ms
 ✓ Compiled in 77ms (286 modules)
 GET / 200 in 80ms
 ✓ Compiled in 67ms (286 modules)
 GET / 200 in 66ms
 ✓ Compiled in 75ms (286 modules)
 GET / 200 in 77ms
 ✓ Compiled in 67ms (286 modules)
 GET / 200 in 72ms
 ✓ Compiled in 80ms (286 modules)
 GET / 200 in 83ms
 ✓ Compiled in 84ms (286 modules)
 GET / 200 in 91ms
 ✓ Compiled in 84ms (286 modules)
 GET / 200 in 63ms
 ✓ Compiled in 68ms (286 modules)
 GET / 200 in 72ms
 ✓ Compiled in 80ms (286 modules)
 GET / 200 in 84ms
 ✓ Compiled in 68ms (286 modules)
 GET / 200 in 68ms
 ✓ Compiled in 78ms (286 modules)
 GET / 200 in 82ms
 ✓ Compiled in 68ms (286 modules)
 GET / 200 in 71ms
 ✓ Compiled in 81ms (286 modules)
 GET / 200 in 82ms
 ✓ Compiled in 71ms (286 modules)
 GET / 200 in 75ms
 ✓ Compiled in 91ms (286 modules)
 GET / 200 in 91ms
 ✓ Compiled in 66ms (286 modules)
 GET / 200 in 71ms
 ✓ Compiled in 78ms (286 modules)
 GET / 200 in 76ms
 ✓ Compiled in 64ms (286 modules)
 GET / 200 in 65ms
 ✓ Compiled in 74ms (286 modules)
 GET / 200 in 80ms
 ✓ Compiled in 72ms (286 modules)
 GET / 200 in 79ms
 ✓ Compiled in 76ms (286 modules)
 GET / 200 in 77ms
 ✓ Compiled in 65ms (286 modules)
 GET / 200 in 69ms
 ✓ Compiled in 78ms (286 modules)
 GET / 200 in 81ms
 ✓ Compiled in 67ms (286 modules)
 GET / 200 in 70ms
 ✓ Compiled in 93ms (286 modules)
 GET / 200 in 47ms
 ✓ Compiled in 66ms (286 modules)
 GET / 200 in 66ms
 ✓ Compiled in 77ms (286 modules)
 GET / 200 in 80ms
 GET / 200 in 65ms
 ✓ Compiled in 69ms (286 modules)
 GET / 200 in 59ms
 ✓ Compiled in 86ms (286 modules)
 GET / 200 in 78ms
 ✓ Compiled in 65ms (286 modules)
 GET / 200 in 71ms
 ✓ Compiled in 77ms (286 modules)
 GET / 200 in 78ms
 ✓ Compiled in 67ms (286 modules)
 GET / 200 in 80ms
 ✓ Compiled in 88ms (286 modules)
 GET / 200 in 111ms
 ✓ Compiled in 99ms (286 modules)
 GET / 200 in 105ms
 ✓ Compiled in 103ms (286 modules)
 GET / 200 in 88ms
 ✓ Compiled in 72ms (286 modules)
 GET / 200 in 86ms
 ✓ Compiled in 96ms (286 modules)
 GET / 200 in 99ms
 ✓ Compiled in 83ms (286 modules)
 GET / 200 in 82ms
 ✓ Compiled in 90ms (286 modules)
 GET / 200 in 89ms
 ✓ Compiled in 78ms (286 modules)
 GET / 200 in 79ms
 ✓ Compiled in 104ms (286 modules)
 GET / 200 in 54ms
 ✓ Compiled in 84ms (286 modules)
 GET / 200 in 82ms
 ✓ Compiled in 125ms (286 modules)
 GET / 200 in 123ms
 ✓ Compiled in 117ms (286 modules)
 GET / 200 in 116ms
 ✓ Compiled in 96ms (286 modules)
 GET / 200 in 92ms
 GET / 200 in 90ms
 ✓ Compiled in 204ms (286 modules)
 GET / 200 in 101ms
 GET / 200 in 177ms
 ✓ Compiled in 359ms (286 modules)
 GET / 200 in 144ms
 ✓ Compiled in 882ms (286 modules)
 GET / 200 in 810ms
 ✓ Compiled in 132ms (286 modules)
 GET / 200 in 126ms
 ✓ Compiled in 108ms (286 modules)
 GET / 200 in 107ms
 ✓ Compiled in 201ms (286 modules)
 GET / 200 in 197ms
 ✓ Compiled in 98ms (286 modules)
 GET / 200 in 97ms
 ✓ Compiled in 94ms (286 modules)
 GET / 200 in 90ms
 ✓ Compiled in 220ms (286 modules)
 GET / 200 in 352ms
 ✓ Compiled in 99ms (286 modules)
 GET / 200 in 98ms
 ✓ Compiled in 70ms (286 modules)
 GET / 200 in 70ms
 ✓ Compiled in 88ms (286 modules)
 GET / 200 in 85ms
 ✓ Compiled in 73ms (286 modules)
 GET / 200 in 73ms
 ✓ Compiled in 127ms (286 modules)
 GET / 200 in 127ms
 GET / 200 in 67ms
 ✓ Compiled in 72ms (286 modules)
 GET / 200 in 88ms
 ✓ Compiled in 88ms (286 modules)
 GET / 200 in 60ms
 ✓ Compiled in 71ms (286 modules)
 GET / 200 in 71ms
 ✓ Compiled in 83ms (286 modules)
 GET / 200 in 87ms
 ✓ Compiled in 68ms (286 modules)
 GET / 200 in 74ms
 ✓ Compiled in 86ms (286 modules)
 GET / 200 in 86ms
 ✓ Compiled in 71ms (286 modules)
 GET / 200 in 72ms
 ✓ Compiled in 145ms (286 modules)
 GET / 200 in 201ms
 ✓ Compiled in 96ms (286 modules)
 GET / 200 in 126ms
 ✓ Compiled in 156ms (286 modules)
 GET / 200 in 112ms
 ✓ Compiled in 71ms (286 modules)
 GET / 200 in 75ms
 ✓ Compiled in 87ms (286 modules)
 GET / 200 in 869ms
 ✓ Compiled in 852ms (286 modules)
 GET / 200 in 75ms
 ✓ Compiled in 87ms (286 modules)
 GET / 200 in 89ms
 ✓ Compiled in 71ms (286 modules)
 GET / 200 in 72ms
 ✓ Compiled in 84ms (286 modules)
 GET / 200 in 86ms
 ✓ Compiled in 69ms (286 modules)
 GET / 200 in 80ms
 ✓ Compiled in 89ms (286 modules)
 GET / 200 in 85ms
 ✓ Compiled in 71ms (286 modules)
 GET / 200 in 75ms
 ✓ Compiled in 304ms (286 modules)
 GET / 200 in 77ms
 ✓ Compiled in 78ms (286 modules)
 GET / 200 in 57ms
 ✓ Compiled in 87ms (286 modules)
 GET / 200 in 92ms
 ✓ Compiled in 72ms (286 modules)
 GET / 200 in 73ms
 ✓ Compiled in 83ms (286 modules)
 GET / 200 in 87ms
 ✓ Compiled in 76ms (286 modules)
 GET / 200 in 77ms
 ✓ Compiled in 78ms (286 modules)
 GET / 200 in 80ms
 ✓ Compiled in 71ms (286 modules)
 GET / 200 in 73ms
 ✓ Compiled in 81ms (286 modules)
 GET / 200 in 88ms
 ✓ Compiled in 70ms (286 modules)
 GET / 200 in 67ms
 ✓ Compiled in 128ms (286 modules)
 GET / 200 in 135ms
 ✓ Compiled in 67ms (286 modules)
 GET / 200 in 70ms
 ✓ Compiled in 351ms (286 modules)
 GET / 200 in 358ms
 ✓ Compiled in 75ms (286 modules)
 GET / 200 in 77ms
 ✓ Compiled in 86ms (286 modules)
 GET / 200 in 105ms
 ✓ Compiled in 90ms (286 modules)
 GET / 200 in 91ms
 ✓ Compiled in 199ms (286 modules)
 GET / 200 in 582ms
 ✓ Compiled in 455ms (286 modules)
 ✓ Compiled in 80ms (286 modules)
 ✓ Compiled in 48ms (286 modules)
 ✓ Compiled in 63ms (286 modules)
 ✓ Compiled in 50ms (286 modules)
 ✓ Compiled in 45ms (286 modules)
 ✓ Compiled in 60ms (286 modules)
 GET / 200 in 88ms
 ✓ Compiled in 93ms (286 modules)
 ✓ Compiled in 81ms (286 modules)
 GET / 200 in 83ms
 ✓ Compiled in 85ms (286 modules)
 GET / 200 in 85ms
 ✓ Compiled in 258ms (286 modules)
 GET / 200 in 1640ms
 GET / 200 in 1666ms
 ✓ Compiled in 8.9s (657 modules)
 GET / 200 in 7784ms
 GET / 200 in 20ms
 GET / 200 in 17ms
 GET / 200 in 19ms
 GET / 200 in 32ms
 GET / 200 in 18ms
 GET / 200 in 17ms
 GET / 200 in 21ms
[?25h
